../Drivers/SX1276_Driver/stm32_SX1276_spi.c:17:22:SX1276_Transmitter_RunSyncSchedule	64	static
../Drivers/SX1276_Driver/stm32_SX1276_spi.c:68:22:SX1276_ReceiveContineousSingleUse	48	static
../Drivers/SX1276_Driver/stm32_SX1276_spi.c:214:22:SX1276_ReceiveSingle	56	static
../Drivers/SX1276_Driver/stm32_SX1276_spi.c:442:22:SX1276_Get_FIFO_Buffer	48	static
../Drivers/SX1276_Driver/stm32_SX1276_spi.c:496:22:SX1276_SetRxTimeout	64	static
../Drivers/SX1276_Driver/stm32_SX1276_spi.c:549:22:SX1276_Multi_Transmitter_SetConfiguration	48	static
../Drivers/SX1276_Driver/stm32_SX1276_spi.c:595:22:SX1276_Multi_Transmitter_Transmit	40	static
../Drivers/SX1276_Driver/stm32_SX1276_spi.c:645:22:SX1276_Transmit	48	static
../Drivers/SX1276_Driver/stm32_SX1276_spi.c:707:10:ComputeToA	64	static
../Drivers/SX1276_Driver/stm32_SX1276_spi.c:728:7:getBandwidth	16	static
../Drivers/SX1276_Driver/stm32_SX1276_spi.c:745:10:GetTimerClkFromHW	24	static
../Drivers/SX1276_Driver/stm32_SX1276_spi.c:772:7:measure_function_time_us	40	static
../Drivers/SX1276_Driver/stm32_SX1276_spi.c:791:6:MCU_STOP_Delay_ms	16	static
../Drivers/SX1276_Driver/stm32_SX1276_spi.c:817:22:SX1276_SetLoRaCommunicationParameter	48	static
../Drivers/SX1276_Driver/stm32_SX1276_spi.c:891:22:SX1276_GetIRQFlags	48	static
../Drivers/SX1276_Driver/stm32_SX1276_spi.c:911:22:SX1276_ClearIRQFlags	48	static
../Drivers/SX1276_Driver/stm32_SX1276_spi.c:922:22:SX1276_ClearAllIRQFlags	48	static
../Drivers/SX1276_Driver/stm32_SX1276_spi.c:949:22:SX1276_Set_FIFO_Buffer	48	static
../Drivers/SX1276_Driver/stm32_SX1276_spi.c:1000:22:SX1276_SetLoRaFrequency	48	static
../Drivers/SX1276_Driver/stm32_SX1276_spi.c:1040:22:SX1276_SetOperationMode	48	static
../Drivers/SX1276_Driver/stm32_SX1276_spi.c:1072:22:SX1276_Init	24	static
../Drivers/SX1276_Driver/stm32_SX1276_spi.c:1122:22:SX1276_SPI_Write	40	static
../Drivers/SX1276_Driver/stm32_SX1276_spi.c:1149:22:SX1276_SPI_Read	40	static
