D:/OneDrive/OneDrive - Norfolk State University/MastersWork/21_LORA_STM_ULP_JournelPaper/GitHub/STM32_Project/SX1276_Driver/Src/stm32_SX1276_spi.c:17:22:SX1276_Receiver_RunSyncSchedule	64	static
D:/OneDrive/OneDrive - Norfolk State University/MastersWork/21_LORA_STM_ULP_JournelPaper/GitHub/STM32_Project/SX1276_Driver/Src/stm32_SX1276_spi.c:67:22:SX1276_Transmitter_RunSyncSchedule	72	static
D:/OneDrive/OneDrive - Norfolk State University/MastersWork/21_LORA_STM_ULP_JournelPaper/GitHub/STM32_Project/SX1276_Driver/Src/stm32_SX1276_spi.c:157:22:SX1276_Multi_Receiver_Contineous_Receive	48	static
D:/OneDrive/OneDrive - Norfolk State University/MastersWork/21_LORA_STM_ULP_JournelPaper/GitHub/STM32_Project/SX1276_Driver/Src/stm32_SX1276_spi.c:240:22:SX1276_Multi_Receiver_Contineous_SetConfiguration	48	static
D:/OneDrive/OneDrive - Norfolk State University/MastersWork/21_LORA_STM_ULP_JournelPaper/GitHub/STM32_Project/SX1276_Driver/Src/stm32_SX1276_spi.c:310:22:SX1276_ReceiveContineousSingleUse	48	static
D:/OneDrive/OneDrive - Norfolk State University/MastersWork/21_LORA_STM_ULP_JournelPaper/GitHub/STM32_Project/SX1276_Driver/Src/stm32_SX1276_spi.c:471:22:SX1276_ReceiveSingle	56	static
D:/OneDrive/OneDrive - Norfolk State University/MastersWork/21_LORA_STM_ULP_JournelPaper/GitHub/STM32_Project/SX1276_Driver/Src/stm32_SX1276_spi.c:711:22:SX1276_Get_FIFO_Buffer	48	static
D:/OneDrive/OneDrive - Norfolk State University/MastersWork/21_LORA_STM_ULP_JournelPaper/GitHub/STM32_Project/SX1276_Driver/Src/stm32_SX1276_spi.c:765:22:SX1276_SetRxTimeout	64	static
D:/OneDrive/OneDrive - Norfolk State University/MastersWork/21_LORA_STM_ULP_JournelPaper/GitHub/STM32_Project/SX1276_Driver/Src/stm32_SX1276_spi.c:819:22:SX1276_Multi_Transmitter_SetConfiguration	48	static
D:/OneDrive/OneDrive - Norfolk State University/MastersWork/21_LORA_STM_ULP_JournelPaper/GitHub/STM32_Project/SX1276_Driver/Src/stm32_SX1276_spi.c:865:22:SX1276_Multi_Transmitter_Transmit	40	static
D:/OneDrive/OneDrive - Norfolk State University/MastersWork/21_LORA_STM_ULP_JournelPaper/GitHub/STM32_Project/SX1276_Driver/Src/stm32_SX1276_spi.c:922:22:SX1276_Transmit	48	static
D:/OneDrive/OneDrive - Norfolk State University/MastersWork/21_LORA_STM_ULP_JournelPaper/GitHub/STM32_Project/SX1276_Driver/Src/stm32_SX1276_spi.c:993:10:ComputeToA	64	static
D:/OneDrive/OneDrive - Norfolk State University/MastersWork/21_LORA_STM_ULP_JournelPaper/GitHub/STM32_Project/SX1276_Driver/Src/stm32_SX1276_spi.c:1016:7:getBandwidth	16	static
D:/OneDrive/OneDrive - Norfolk State University/MastersWork/21_LORA_STM_ULP_JournelPaper/GitHub/STM32_Project/SX1276_Driver/Src/stm32_SX1276_spi.c:1033:10:GetTimerClkFromHW	24	static
D:/OneDrive/OneDrive - Norfolk State University/MastersWork/21_LORA_STM_ULP_JournelPaper/GitHub/STM32_Project/SX1276_Driver/Src/stm32_SX1276_spi.c:1060:7:measure_function_time_us	40	static
D:/OneDrive/OneDrive - Norfolk State University/MastersWork/21_LORA_STM_ULP_JournelPaper/GitHub/STM32_Project/SX1276_Driver/Src/stm32_SX1276_spi.c:1079:6:MCU_STOP_Delay_ms	16	static
D:/OneDrive/OneDrive - Norfolk State University/MastersWork/21_LORA_STM_ULP_JournelPaper/GitHub/STM32_Project/SX1276_Driver/Src/stm32_SX1276_spi.c:1105:22:SX1276_SetLoRaCommunicationParameter	48	static
D:/OneDrive/OneDrive - Norfolk State University/MastersWork/21_LORA_STM_ULP_JournelPaper/GitHub/STM32_Project/SX1276_Driver/Src/stm32_SX1276_spi.c:1179:22:SX1276_GetIRQFlags	48	static
D:/OneDrive/OneDrive - Norfolk State University/MastersWork/21_LORA_STM_ULP_JournelPaper/GitHub/STM32_Project/SX1276_Driver/Src/stm32_SX1276_spi.c:1199:22:SX1276_ClearIRQFlags	48	static
D:/OneDrive/OneDrive - Norfolk State University/MastersWork/21_LORA_STM_ULP_JournelPaper/GitHub/STM32_Project/SX1276_Driver/Src/stm32_SX1276_spi.c:1210:22:SX1276_ClearAllIRQFlags	48	static
D:/OneDrive/OneDrive - Norfolk State University/MastersWork/21_LORA_STM_ULP_JournelPaper/GitHub/STM32_Project/SX1276_Driver/Src/stm32_SX1276_spi.c:1235:22:SX1276_Set_FIFO_Buffer	48	static
D:/OneDrive/OneDrive - Norfolk State University/MastersWork/21_LORA_STM_ULP_JournelPaper/GitHub/STM32_Project/SX1276_Driver/Src/stm32_SX1276_spi.c:1286:22:SX1276_SetLoRaFrequency	48	static
D:/OneDrive/OneDrive - Norfolk State University/MastersWork/21_LORA_STM_ULP_JournelPaper/GitHub/STM32_Project/SX1276_Driver/Src/stm32_SX1276_spi.c:1326:22:SX1276_SetOperationMode	48	static
D:/OneDrive/OneDrive - Norfolk State University/MastersWork/21_LORA_STM_ULP_JournelPaper/GitHub/STM32_Project/SX1276_Driver/Src/stm32_SX1276_spi.c:1358:22:SX1276_Init	24	static
D:/OneDrive/OneDrive - Norfolk State University/MastersWork/21_LORA_STM_ULP_JournelPaper/GitHub/STM32_Project/SX1276_Driver/Src/stm32_SX1276_spi.c:1421:22:SX1276_SPI_Write	40	static
D:/OneDrive/OneDrive - Norfolk State University/MastersWork/21_LORA_STM_ULP_JournelPaper/GitHub/STM32_Project/SX1276_Driver/Src/stm32_SX1276_spi.c:1448:22:SX1276_SPI_Read	40	static
